Archive member included to satisfy reference by file (symbol)

C:/Program Files (x86)/Arm GNU Toolchain arm-none-eabi/13.3 rel1/bin/../lib/gcc/arm-none-eabi/13.3.1/thumb/v6-m/nofp\libc_nano.a(libc_a-errno.o)
                              ./Libc_Device_Support/syscalls.o (__errno)
C:/Program Files (x86)/Arm GNU Toolchain arm-none-eabi/13.3 rel1/bin/../lib/gcc/arm-none-eabi/13.3.1/thumb/v6-m/nofp\libc_nano.a(libc_a-impure.o)
                              C:/Program Files (x86)/Arm GNU Toolchain arm-none-eabi/13.3 rel1/bin/../lib/gcc/arm-none-eabi/13.3.1/thumb/v6-m/nofp\libc_nano.a(libc_a-errno.o) (_impure_ptr)

There are no discarded input sections

Memory Configuration

Name             Origin             Length             Attributes
FLASH            0x00000000         0x00020000         xr
RAM              0x20000000         0x00004000         xrw
*default*        0x00000000         0xffffffff

Linker script and memory map

LOAD ./Application_Source/main.o
LOAD ./Device_Drivers/GPIO/gpio.o
LOAD ./Device_Drivers/GPIO2/gpio2.o
LOAD ./Libc_Device_Support/malloc_support.o
LOAD ./Libc_Device_Support/printf_support.o
LOAD ./Libc_Device_Support/syscalls.o
LOAD ./Special_Libraries/dsplib.o
LOAD ./Startup/startup.o
START GROUP
LOAD C:/Program Files (x86)/Arm GNU Toolchain arm-none-eabi/13.3 rel1/bin/../lib/gcc/arm-none-eabi/13.3.1/thumb/v6-m/nofp\libgcc.a
LOAD C:/Program Files (x86)/Arm GNU Toolchain arm-none-eabi/13.3 rel1/bin/../lib/gcc/arm-none-eabi/13.3.1/thumb/v6-m/nofp\libc_nano.a
END GROUP
START GROUP
LOAD C:/Program Files (x86)/Arm GNU Toolchain arm-none-eabi/13.3 rel1/bin/../lib/gcc/arm-none-eabi/13.3.1/thumb/v6-m/nofp\libgcc.a
LOAD C:/Program Files (x86)/Arm GNU Toolchain arm-none-eabi/13.3 rel1/bin/../lib/gcc/arm-none-eabi/13.3.1/thumb/v6-m/nofp\libc_nano.a
LOAD C:/Program Files (x86)/Arm GNU Toolchain arm-none-eabi/13.3 rel1/bin/../lib/gcc/arm-none-eabi/13.3.1/thumb/v6-m/nofp\libnosys.a
END GROUP
START GROUP
LOAD C:/Program Files (x86)/Arm GNU Toolchain arm-none-eabi/13.3 rel1/bin/../lib/gcc/arm-none-eabi/13.3.1/thumb/v6-m/nofp\libgcc.a
LOAD C:/Program Files (x86)/Arm GNU Toolchain arm-none-eabi/13.3 rel1/bin/../lib/gcc/arm-none-eabi/13.3.1/thumb/v6-m/nofp\libc_nano.a
LOAD C:/Program Files (x86)/Arm GNU Toolchain arm-none-eabi/13.3 rel1/bin/../lib/gcc/arm-none-eabi/13.3.1/thumb/v6-m/nofp\libnosys.a
END GROUP
                0x00000000                        __FLASH_START = 0x0
                0x00020000                        __FLASH_SIZE = 0x20000
                0x20000000                        __RAM_START = 0x20000000
                0x00004000                        __RAM_SIZE = 0x4000
                0x00000400                        __STACK_SIZE = 0x400
                0x00000200                        __HEAP_SIZE = 0x200
                0x20004000                        __STACK_START = (__RAM_START + __RAM_SIZE)
                0x20003c00                        __STACK_END = (__STACK_START - __STACK_SIZE)
                0x20003a00                        __HEAP_START = (__STACK_END - __HEAP_SIZE)
                0x20003bea                        __HEAP_END = (__STACK_END - 0x16)

.text           0x00000000      0x610
 *(.isr_vector)
 .isr_vector    0x00000000       0xb0 ./Startup/startup.o
                0x00000000                vector
 *(.text*)
 .text          0x000000b0       0xa8 ./Application_Source/main.o
                0x000000b0                main
                0x00000114                ioss_interrupt_gpio_IRQHandler
                0x0000011e                Delay
 .text          0x00000158        0x0 ./Device_Drivers/GPIO/gpio.o
 .text          0x00000158      0x1e4 ./Device_Drivers/GPIO2/gpio2.o
                0x00000158                GPIO_write
                0x00000188                GPIO_Set
                0x000001a4                GPIO_Clr
                0x000001c0                GPIO_Inv
                0x000001dc                gpio_init
                0x00000230                GPIO_Pin_Init
                0x00000274                GPIO_SetHSIOM
                0x000002d4                GPIO_SetDrivemode
 .text          0x0000033c        0xa ./Libc_Device_Support/malloc_support.o
                0x0000033c                malloc_dummy
 .text          0x00000346        0xa ./Libc_Device_Support/printf_support.o
                0x00000346                printf_dummy
 .text          0x00000350      0x24c ./Libc_Device_Support/syscalls.o
                0x00000350                _getpid
                0x0000035c                _kill
                0x0000037c                _exit
                0x00000396                _read
                0x000003d0                _write
                0x00000408                _close
                0x0000041c                _fstat
                0x00000438                _isatty
                0x0000044a                _lseek
                0x00000460                _open
                0x0000047c                _wait
                0x0000049a                _unlink
                0x000004b8                _times
                0x000004cc                _stat
                0x000004e8                _link
                0x00000508                _fork
                0x00000520                _execve
                0x00000542                _sbrk
 .text          0x0000059c       0x14 ./Special_Libraries/dsplib.o
                0x0000059c                ifx_sin
                0x000005a6                ifx_cos
 .text          0x000005b0       0x12 ./Startup/startup.o
                0x000005b0                lpcomp_interrupt_IRQHandler
                0x000005b0                tcpwm_interrupts_7_IRQHandler
                0x000005b0                can_interrupt_can_IRQHandler
                0x000005b0                SysTick_Handler
                0x000005b0                PendSV_Handler
                0x000005b0                NMI_Handler
                0x000005b0                ioss_interrupts_gpio_1_IRQHandler
                0x000005b0                cpuss_interrupt_dma_IRQHandler
                0x000005b0                scb_4_interrupt_IRQHandler
                0x000005b0                ioss_interrupts_gpio_2_IRQHandler
                0x000005b0                scb_2_interrupt_IRQHandler
                0x000005b0                tcpwm_interrupts_4_IRQHandler
                0x000005b0                cpuss_interrupt_spcif_IRQHandler
                0x000005b0                scb_0_interrupt_IRQHandler
                0x000005b0                tcpwm_interrupts_3_IRQHandler
                0x000005b0                csd_interrupt_IRQHandler
                0x000005b0                tcpwm_interrupts_1_IRQHandler
                0x000005b0                crypto_interrupt_IRQHandler
                0x000005b0                tcpwm_interrupts_6_IRQHandler
                0x000005b0                scb_1_interrupt_IRQHandler
                0x000005b0                Default_Handler
                0x000005b0                scb_3_interrupt_IRQHandler
                0x000005b0                ioss_interrupts_gpio_3_IRQHandler
                0x000005b0                ioss_interrupts_gpio_0_IRQHandler
                0x000005b0                tcpwm_interrupts_0_IRQHandler
                0x000005b0                SVC_Handler
                0x000005b0                tcpwm_interrupts_2_IRQHandler
                0x000005b0                tcpwm_interrupts_5_IRQHandler
                0x000005b0                srss_interrupt_wdt_IRQHandler
                0x000005b0                pass_0_interrupt_ctbs_IRQHandler
                0x000005b0                pass_0_interrupt_sar_IRQHandler
                0x000005b0                wco_interrupt_IRQHandler
                0x000005b8                HardFault_Handler
 .text          0x000005c2        0x0 C:/Program Files (x86)/Arm GNU Toolchain arm-none-eabi/13.3 rel1/bin/../lib/gcc/arm-none-eabi/13.3.1/thumb/v6-m/nofp\libc_nano.a(libc_a-errno.o)
 *fill*         0x000005c2        0x2 
 .text.__errno  0x000005c4        0xc C:/Program Files (x86)/Arm GNU Toolchain arm-none-eabi/13.3 rel1/bin/../lib/gcc/arm-none-eabi/13.3.1/thumb/v6-m/nofp\libc_nano.a(libc_a-errno.o)
                0x000005c4                __errno
 .text          0x000005d0        0x0 C:/Program Files (x86)/Arm GNU Toolchain arm-none-eabi/13.3 rel1/bin/../lib/gcc/arm-none-eabi/13.3.1/thumb/v6-m/nofp\libc_nano.a(libc_a-impure.o)
 *(.init*)
 *(.fini*)
                0x000005d0                        . = ALIGN (0x4)
 *(.rodata .rodata.*)
 .rodata        0x000005d0       0x14 ./Application_Source/main.o
                0x000005d0                CYBSP_LED_SLD5_config
 .rodata        0x000005e4       0x2c ./Device_Drivers/GPIO2/gpio2.o
                0x000005e4                LOOP_COUNT
                0x000005e8                port_pattern
                0x00000610                        . = ALIGN (0x4)
                0x00000610                        __etext = .
                0x00000694                        _la_data = LOADADDR (.data)

.glue_7         0x00000610        0x0
 .glue_7        0x00000610        0x0 linker stubs

.glue_7t        0x00000610        0x0
 .glue_7t       0x00000610        0x0 linker stubs

.vfp11_veneer   0x00000610        0x0
 .vfp11_veneer  0x00000610        0x0 linker stubs

.v4_bx          0x00000610        0x0
 .v4_bx         0x00000610        0x0 linker stubs

.iplt           0x00000610        0x0
 .iplt          0x00000610        0x0 ./Application_Source/main.o

.rand_vector    0x00000610       0x84
 .rand_vector   0x00000610       0x84 ./Startup/startup.o
                0x00000610                Reset_handler

.rel.dyn        0x00000694        0x0
 .rel.iplt      0x00000694        0x0 ./Application_Source/main.o

.data           0x20000000       0x7c load address 0x00000694
                0x20000000                        __data_start = .
 *(.data*)
 .data          0x20000000        0x0 ./Application_Source/main.o
 .data          0x20000000        0x0 ./Device_Drivers/GPIO/gpio.o
 .data          0x20000000       0x28 ./Device_Drivers/GPIO2/gpio2.o
                0x20000000                bias_voltage
 .data          0x20000028        0x0 ./Libc_Device_Support/malloc_support.o
 .data          0x20000028        0x0 ./Libc_Device_Support/printf_support.o
 .data          0x20000028        0x4 ./Libc_Device_Support/syscalls.o
                0x20000028                environ
 .data          0x2000002c        0x0 ./Special_Libraries/dsplib.o
 .data          0x2000002c        0x0 ./Startup/startup.o
 .data          0x2000002c        0x0 C:/Program Files (x86)/Arm GNU Toolchain arm-none-eabi/13.3 rel1/bin/../lib/gcc/arm-none-eabi/13.3.1/thumb/v6-m/nofp\libc_nano.a(libc_a-errno.o)
 .data          0x2000002c        0x0 C:/Program Files (x86)/Arm GNU Toolchain arm-none-eabi/13.3 rel1/bin/../lib/gcc/arm-none-eabi/13.3.1/thumb/v6-m/nofp\libc_nano.a(libc_a-impure.o)
 .data._impure_ptr
                0x2000002c        0x4 C:/Program Files (x86)/Arm GNU Toolchain arm-none-eabi/13.3 rel1/bin/../lib/gcc/arm-none-eabi/13.3.1/thumb/v6-m/nofp\libc_nano.a(libc_a-impure.o)
                0x2000002c                _impure_ptr
 .data._impure_data
                0x20000030       0x4c C:/Program Files (x86)/Arm GNU Toolchain arm-none-eabi/13.3 rel1/bin/../lib/gcc/arm-none-eabi/13.3.1/thumb/v6-m/nofp\libc_nano.a(libc_a-impure.o)
                0x20000030                _impure_data
                0x2000007c                        . = ALIGN (0x4)
                0x2000007c                        __data_end = .

.igot.plt       0x2000007c        0x0 load address 0x00000710
 .igot.plt      0x2000007c        0x0 ./Application_Source/main.o

.bss            0x2000007c        0xc load address 0x00000710
                0x2000007c                        __bss_start__ = .
 *(.bss)
 .bss           0x2000007c        0x4 ./Application_Source/main.o
                0x2000007c                loop_count
 .bss           0x20000080        0x0 ./Device_Drivers/GPIO/gpio.o
 .bss           0x20000080        0x0 ./Device_Drivers/GPIO2/gpio2.o
 .bss           0x20000080        0x0 ./Libc_Device_Support/malloc_support.o
 .bss           0x20000080        0x0 ./Libc_Device_Support/printf_support.o
 .bss           0x20000080        0x8 ./Libc_Device_Support/syscalls.o
                0x20000080                __env
 .bss           0x20000088        0x0 ./Special_Libraries/dsplib.o
 .bss           0x20000088        0x0 ./Startup/startup.o
 .bss           0x20000088        0x0 C:/Program Files (x86)/Arm GNU Toolchain arm-none-eabi/13.3 rel1/bin/../lib/gcc/arm-none-eabi/13.3.1/thumb/v6-m/nofp\libc_nano.a(libc_a-errno.o)
 .bss           0x20000088        0x0 C:/Program Files (x86)/Arm GNU Toolchain arm-none-eabi/13.3 rel1/bin/../lib/gcc/arm-none-eabi/13.3.1/thumb/v6-m/nofp\libc_nano.a(libc_a-impure.o)
 *(.bss.*)
 *(COMMON)
                0x20000088                        . = ALIGN (0x4)
                0x20000088                        __bss_end__ = .
                0x20000088                        . = ALIGN (0x4)

Heap            0x20000088     0x3b78 load address 0x00000710
                0x20003a00                        . = ABSOLUTE (__HEAP_START)
 *fill*         0x20000088     0x3978 
 *(.heap)
 .heap          0x20003a00      0x200 ./Application_Source/main.o
                0x20003a00                app_heap
                0x20003c00                        . = ALIGN (0x4)
                0x20003c00                        end = .
                0x20003c00                        __end__ = .

Stack           0x20003c00      0x400 load address 0x00000710
                0x20003c00                        . = ABSOLUTE (__STACK_END)
 *(.stack)
 .stack         0x20003c00      0x400 ./Application_Source/main.o
                0x20003c00                app_stack
OUTPUT(bin/BareMetal_V2.elf elf32-littlearm)
LOAD linker stubs

.debug_info     0x00000000     0x128b
 .debug_info    0x00000000      0x3ae ./Application_Source/main.o
 .debug_info    0x000003ae      0x58c ./Device_Drivers/GPIO2/gpio2.o
 .debug_info    0x0000093a       0x39 ./Libc_Device_Support/malloc_support.o
 .debug_info    0x00000973       0x39 ./Libc_Device_Support/printf_support.o
 .debug_info    0x000009ac      0x6ff ./Libc_Device_Support/syscalls.o
 .debug_info    0x000010ab       0x47 ./Special_Libraries/dsplib.o
 .debug_info    0x000010f2      0x199 ./Startup/startup.o

.debug_abbrev   0x00000000      0x5e4
 .debug_abbrev  0x00000000      0x16d ./Application_Source/main.o
 .debug_abbrev  0x0000016d      0x135 ./Device_Drivers/GPIO2/gpio2.o
 .debug_abbrev  0x000002a2       0x2d ./Libc_Device_Support/malloc_support.o
 .debug_abbrev  0x000002cf       0x2d ./Libc_Device_Support/printf_support.o
 .debug_abbrev  0x000002fc      0x1b1 ./Libc_Device_Support/syscalls.o
 .debug_abbrev  0x000004ad       0x2f ./Special_Libraries/dsplib.o
 .debug_abbrev  0x000004dc      0x108 ./Startup/startup.o

.debug_aranges  0x00000000       0xe8
 .debug_aranges
                0x00000000       0x20 ./Application_Source/main.o
 .debug_aranges
                0x00000020       0x20 ./Device_Drivers/GPIO2/gpio2.o
 .debug_aranges
                0x00000040       0x20 ./Libc_Device_Support/malloc_support.o
 .debug_aranges
                0x00000060       0x20 ./Libc_Device_Support/printf_support.o
 .debug_aranges
                0x00000080       0x20 ./Libc_Device_Support/syscalls.o
 .debug_aranges
                0x000000a0       0x20 ./Special_Libraries/dsplib.o
 .debug_aranges
                0x000000c0       0x28 ./Startup/startup.o

.debug_line     0x00000000      0x8f6
 .debug_line    0x00000000      0x1b2 ./Application_Source/main.o
 .debug_line    0x000001b2        0x0 ./Device_Drivers/GPIO/gpio.o
 .debug_line    0x000001b2      0x20e ./Device_Drivers/GPIO2/gpio2.o
 .debug_line    0x000003c0       0x5a ./Libc_Device_Support/malloc_support.o
 .debug_line    0x0000041a       0x5a ./Libc_Device_Support/printf_support.o
 .debug_line    0x00000474      0x29f ./Libc_Device_Support/syscalls.o
 .debug_line    0x00000713       0x56 ./Special_Libraries/dsplib.o
 .debug_line    0x00000769      0x18d ./Startup/startup.o

.debug_str      0x00000000      0x71c
 .debug_str     0x00000000      0x71c ./Application_Source/main.o
                                0x2da (size before relaxing)
 .debug_str     0x0000071c       0xd1 ./Device_Drivers/GPIO/gpio.o
 .debug_str     0x0000071c      0x346 ./Device_Drivers/GPIO2/gpio2.o
 .debug_str     0x0000071c       0xe8 ./Libc_Device_Support/malloc_support.o
 .debug_str     0x0000071c       0xe8 ./Libc_Device_Support/printf_support.o
 .debug_str     0x0000071c      0x3e8 ./Libc_Device_Support/syscalls.o
 .debug_str     0x0000071c       0xe1 ./Special_Libraries/dsplib.o
 .debug_str     0x0000071c      0x1f8 ./Startup/startup.o

.comment        0x00000000       0x45
 .comment       0x00000000       0x45 ./Application_Source/main.o
                                 0x46 (size before relaxing)
 .comment       0x00000045       0x46 ./Device_Drivers/GPIO/gpio.o
 .comment       0x00000045       0x46 ./Device_Drivers/GPIO2/gpio2.o
 .comment       0x00000045       0x46 ./Libc_Device_Support/malloc_support.o
 .comment       0x00000045       0x46 ./Libc_Device_Support/printf_support.o
 .comment       0x00000045       0x46 ./Libc_Device_Support/syscalls.o
 .comment       0x00000045       0x46 ./Special_Libraries/dsplib.o
 .comment       0x00000045       0x46 ./Startup/startup.o

.ARM.attributes
                0x00000000       0x2c
 .ARM.attributes
                0x00000000       0x2c ./Application_Source/main.o
 .ARM.attributes
                0x0000002c       0x2c ./Device_Drivers/GPIO/gpio.o
 .ARM.attributes
                0x00000058       0x2c ./Device_Drivers/GPIO2/gpio2.o
 .ARM.attributes
                0x00000084       0x2c ./Libc_Device_Support/malloc_support.o
 .ARM.attributes
                0x000000b0       0x2c ./Libc_Device_Support/printf_support.o
 .ARM.attributes
                0x000000dc       0x2c ./Libc_Device_Support/syscalls.o
 .ARM.attributes
                0x00000108       0x2c ./Special_Libraries/dsplib.o
 .ARM.attributes
                0x00000134       0x2c ./Startup/startup.o
 .ARM.attributes
                0x00000160       0x2c C:/Program Files (x86)/Arm GNU Toolchain arm-none-eabi/13.3 rel1/bin/../lib/gcc/arm-none-eabi/13.3.1/thumb/v6-m/nofp\libc_nano.a(libc_a-errno.o)
 .ARM.attributes
                0x0000018c       0x2c C:/Program Files (x86)/Arm GNU Toolchain arm-none-eabi/13.3 rel1/bin/../lib/gcc/arm-none-eabi/13.3.1/thumb/v6-m/nofp\libc_nano.a(libc_a-impure.o)

.debug_frame    0x00000000      0x4e8
 .debug_frame   0x00000000       0x68 ./Application_Source/main.o
 .debug_frame   0x00000068      0x110 ./Device_Drivers/GPIO2/gpio2.o
 .debug_frame   0x00000178       0x2c ./Libc_Device_Support/malloc_support.o
 .debug_frame   0x000001a4       0x2c ./Libc_Device_Support/printf_support.o
 .debug_frame   0x000001d0      0x248 ./Libc_Device_Support/syscalls.o
 .debug_frame   0x00000418       0x48 ./Special_Libraries/dsplib.o
 .debug_frame   0x00000460       0x68 ./Startup/startup.o
 .debug_frame   0x000004c8       0x20 C:/Program Files (x86)/Arm GNU Toolchain arm-none-eabi/13.3 rel1/bin/../lib/gcc/arm-none-eabi/13.3.1/thumb/v6-m/nofp\libc_nano.a(libc_a-errno.o)

.debug_rnglists
                0x00000000       0x1a
 .debug_rnglists
                0x00000000       0x1a ./Startup/startup.o
