Archive member included to satisfy reference by file (symbol)

C:/Program Files (x86)/Arm GNU Toolchain arm-none-eabi/13.3 rel1/bin/../lib/gcc/arm-none-eabi/13.3.1/thumb/v6-m/nofp\libgcc.a(_udivsi3.o)
                              ./Device_Drivers/CLOCK/Sys_Clock.o (__aeabi_uidiv)
C:/Program Files (x86)/Arm GNU Toolchain arm-none-eabi/13.3 rel1/bin/../lib/gcc/arm-none-eabi/13.3.1/thumb/v6-m/nofp\libgcc.a(_dvmd_tls.o)
                              C:/Program Files (x86)/Arm GNU Toolchain arm-none-eabi/13.3 rel1/bin/../lib/gcc/arm-none-eabi/13.3.1/thumb/v6-m/nofp\libgcc.a(_udivsi3.o) (__aeabi_idiv0)
C:/Program Files (x86)/Arm GNU Toolchain arm-none-eabi/13.3 rel1/bin/../lib/gcc/arm-none-eabi/13.3.1/thumb/v6-m/nofp\libc_nano.a(libc_a-errno.o)
                              ./Libc_Device_Support/syscalls.o (__errno)
C:/Program Files (x86)/Arm GNU Toolchain arm-none-eabi/13.3 rel1/bin/../lib/gcc/arm-none-eabi/13.3.1/thumb/v6-m/nofp\libc_nano.a(libc_a-init.o)
                              ./Startup/startup.o (__libc_init_array)
C:/Program Files (x86)/Arm GNU Toolchain arm-none-eabi/13.3 rel1/bin/../lib/gcc/arm-none-eabi/13.3.1/thumb/v6-m/nofp\libc_nano.a(libc_a-impure.o)
                              C:/Program Files (x86)/Arm GNU Toolchain arm-none-eabi/13.3 rel1/bin/../lib/gcc/arm-none-eabi/13.3.1/thumb/v6-m/nofp\libc_nano.a(libc_a-errno.o) (_impure_ptr)

Discarded input sections

 .data          0x00000000        0x0 ./Application_Source/main.o
 .bss           0x00000000        0x0 ./Application_Source/main.o
 .heap          0x00000000      0x200 ./Application_Source/main.o
 .stack         0x00000000      0x400 ./Application_Source/main.o
 .text          0x00000000        0x0 ./Application_Source/user_cfg.o
 .data          0x00000000        0x0 ./Application_Source/user_cfg.o
 .bss           0x00000000        0x0 ./Application_Source/user_cfg.o
 .data          0x00000000        0x0 ./Device_Drivers/GPIO/gpio.o
 .bss           0x00000000        0x0 ./Device_Drivers/GPIO/gpio.o
 .data          0x00000000        0x0 ./Device_Drivers/TIMER/timer.o
 .bss           0x00000000        0x0 ./Device_Drivers/TIMER/timer.o
 .text          0x00000000        0x0 ./Device_Drivers/ADC/ADC.o
 .data          0x00000000        0x0 ./Device_Drivers/ADC/ADC.o
 .bss           0x00000000        0x0 ./Device_Drivers/ADC/ADC.o
 .debug_line    0x00000000        0x0 ./Device_Drivers/ADC/ADC.o
 .debug_str     0x00000000       0xd6 ./Device_Drivers/ADC/ADC.o
 .comment       0x00000000       0x46 ./Device_Drivers/ADC/ADC.o
 .ARM.attributes
                0x00000000       0x2c ./Device_Drivers/ADC/ADC.o
 .data          0x00000000        0x0 ./Device_Drivers/CLOCK/Sys_Clock.o
 .bss           0x00000000        0x0 ./Device_Drivers/CLOCK/Sys_Clock.o
 .text          0x00000000       0x68 ./Device_Drivers/SYSTICK/systick.o
 .data          0x00000000        0x0 ./Device_Drivers/SYSTICK/systick.o
 .bss           0x00000000        0x0 ./Device_Drivers/SYSTICK/systick.o
 .debug_info    0x00000000       0xda ./Device_Drivers/SYSTICK/systick.o
 .debug_abbrev  0x00000000       0x90 ./Device_Drivers/SYSTICK/systick.o
 .debug_aranges
                0x00000000       0x20 ./Device_Drivers/SYSTICK/systick.o
 .debug_line    0x00000000      0x15f ./Device_Drivers/SYSTICK/systick.o
 .debug_str     0x00000000      0x1b6 ./Device_Drivers/SYSTICK/systick.o
 .comment       0x00000000       0x46 ./Device_Drivers/SYSTICK/systick.o
 .debug_frame   0x00000000       0x50 ./Device_Drivers/SYSTICK/systick.o
 .ARM.attributes
                0x00000000       0x2c ./Device_Drivers/SYSTICK/systick.o
 .data          0x00000000        0x0 ./Device_Drivers/Team1/team1.o
 .data          0x00000000        0x0 ./Device_Drivers/Team2/team2.o
 .data          0x00000000        0x0 ./Device_Drivers/Team3/team3.o
 .text          0x00000000        0xa ./Libc_Device_Support/malloc_support.o
 .data          0x00000000        0x0 ./Libc_Device_Support/malloc_support.o
 .bss           0x00000000        0x0 ./Libc_Device_Support/malloc_support.o
 .debug_info    0x00000000       0x39 ./Libc_Device_Support/malloc_support.o
 .debug_abbrev  0x00000000       0x2d ./Libc_Device_Support/malloc_support.o
 .debug_aranges
                0x00000000       0x20 ./Libc_Device_Support/malloc_support.o
 .debug_line    0x00000000       0x5a ./Libc_Device_Support/malloc_support.o
 .debug_str     0x00000000       0xef ./Libc_Device_Support/malloc_support.o
 .comment       0x00000000       0x46 ./Libc_Device_Support/malloc_support.o
 .debug_frame   0x00000000       0x2c ./Libc_Device_Support/malloc_support.o
 .ARM.attributes
                0x00000000       0x2c ./Libc_Device_Support/malloc_support.o
 .text          0x00000000        0xa ./Libc_Device_Support/printf_support.o
 .data          0x00000000        0x0 ./Libc_Device_Support/printf_support.o
 .bss           0x00000000        0x0 ./Libc_Device_Support/printf_support.o
 .debug_info    0x00000000       0x39 ./Libc_Device_Support/printf_support.o
 .debug_abbrev  0x00000000       0x2d ./Libc_Device_Support/printf_support.o
 .debug_aranges
                0x00000000       0x20 ./Libc_Device_Support/printf_support.o
 .debug_line    0x00000000       0x5a ./Libc_Device_Support/printf_support.o
 .debug_str     0x00000000       0xef ./Libc_Device_Support/printf_support.o
 .comment       0x00000000       0x46 ./Libc_Device_Support/printf_support.o
 .debug_frame   0x00000000       0x2c ./Libc_Device_Support/printf_support.o
 .ARM.attributes
                0x00000000       0x2c ./Libc_Device_Support/printf_support.o
 .text          0x00000000      0x294 ./Libc_Device_Support/syscalls.o
 .data          0x00000000        0x4 ./Libc_Device_Support/syscalls.o
 .bss           0x00000000        0x8 ./Libc_Device_Support/syscalls.o
 .debug_info    0x00000000      0x711 ./Libc_Device_Support/syscalls.o
 .debug_abbrev  0x00000000      0x1c8 ./Libc_Device_Support/syscalls.o
 .debug_aranges
                0x00000000       0x20 ./Libc_Device_Support/syscalls.o
 .debug_line    0x00000000      0x2c1 ./Libc_Device_Support/syscalls.o
 .debug_str     0x00000000      0x40a ./Libc_Device_Support/syscalls.o
 .comment       0x00000000       0x46 ./Libc_Device_Support/syscalls.o
 .debug_frame   0x00000000      0x264 ./Libc_Device_Support/syscalls.o
 .ARM.attributes
                0x00000000       0x2c ./Libc_Device_Support/syscalls.o
 .text          0x00000000       0x14 ./Special_Libraries/dsplib.o
 .data          0x00000000        0x0 ./Special_Libraries/dsplib.o
 .bss           0x00000000        0x0 ./Special_Libraries/dsplib.o
 .debug_info    0x00000000       0x47 ./Special_Libraries/dsplib.o
 .debug_abbrev  0x00000000       0x2f ./Special_Libraries/dsplib.o
 .debug_aranges
                0x00000000       0x20 ./Special_Libraries/dsplib.o
 .debug_line    0x00000000       0x56 ./Special_Libraries/dsplib.o
 .debug_str     0x00000000       0xe8 ./Special_Libraries/dsplib.o
 .comment       0x00000000       0x46 ./Special_Libraries/dsplib.o
 .debug_frame   0x00000000       0x48 ./Special_Libraries/dsplib.o
 .ARM.attributes
                0x00000000       0x2c ./Special_Libraries/dsplib.o
 .text          0x00000000       0x54 ./Special_Libraries/reset.o
 .data          0x00000000        0x0 ./Special_Libraries/reset.o
 .bss           0x00000000        0x0 ./Special_Libraries/reset.o
 .debug_info    0x00000000       0xd0 ./Special_Libraries/reset.o
 .debug_abbrev  0x00000000       0x91 ./Special_Libraries/reset.o
 .debug_aranges
                0x00000000       0x20 ./Special_Libraries/reset.o
 .debug_line    0x00000000      0x153 ./Special_Libraries/reset.o
 .debug_str     0x00000000      0x1a7 ./Special_Libraries/reset.o
 .comment       0x00000000       0x46 ./Special_Libraries/reset.o
 .debug_frame   0x00000000       0x4c ./Special_Libraries/reset.o
 .ARM.attributes
                0x00000000       0x2c ./Special_Libraries/reset.o
 .data          0x00000000        0x0 ./Special_Libraries/cmsis_gcc.o
 .bss           0x00000000        0x0 ./Special_Libraries/cmsis_gcc.o
 .data          0x00000000        0x0 ./Startup/startup.o
 .bss           0x00000000        0x0 ./Startup/startup.o
 .data          0x00000000        0x0 C:/Program Files (x86)/Arm GNU Toolchain arm-none-eabi/13.3 rel1/bin/../lib/gcc/arm-none-eabi/13.3.1/thumb/v6-m/nofp\libgcc.a(_udivsi3.o)
 .bss           0x00000000        0x0 C:/Program Files (x86)/Arm GNU Toolchain arm-none-eabi/13.3 rel1/bin/../lib/gcc/arm-none-eabi/13.3.1/thumb/v6-m/nofp\libgcc.a(_udivsi3.o)
 .data          0x00000000        0x0 C:/Program Files (x86)/Arm GNU Toolchain arm-none-eabi/13.3 rel1/bin/../lib/gcc/arm-none-eabi/13.3.1/thumb/v6-m/nofp\libgcc.a(_dvmd_tls.o)
 .bss           0x00000000        0x0 C:/Program Files (x86)/Arm GNU Toolchain arm-none-eabi/13.3 rel1/bin/../lib/gcc/arm-none-eabi/13.3.1/thumb/v6-m/nofp\libgcc.a(_dvmd_tls.o)
 .text          0x00000000        0x0 C:/Program Files (x86)/Arm GNU Toolchain arm-none-eabi/13.3 rel1/bin/../lib/gcc/arm-none-eabi/13.3.1/thumb/v6-m/nofp\libc_nano.a(libc_a-errno.o)
 .data          0x00000000        0x0 C:/Program Files (x86)/Arm GNU Toolchain arm-none-eabi/13.3 rel1/bin/../lib/gcc/arm-none-eabi/13.3.1/thumb/v6-m/nofp\libc_nano.a(libc_a-errno.o)
 .bss           0x00000000        0x0 C:/Program Files (x86)/Arm GNU Toolchain arm-none-eabi/13.3 rel1/bin/../lib/gcc/arm-none-eabi/13.3.1/thumb/v6-m/nofp\libc_nano.a(libc_a-errno.o)
 .text.__errno  0x00000000        0xc C:/Program Files (x86)/Arm GNU Toolchain arm-none-eabi/13.3 rel1/bin/../lib/gcc/arm-none-eabi/13.3.1/thumb/v6-m/nofp\libc_nano.a(libc_a-errno.o)
 .debug_frame   0x00000000       0x20 C:/Program Files (x86)/Arm GNU Toolchain arm-none-eabi/13.3 rel1/bin/../lib/gcc/arm-none-eabi/13.3.1/thumb/v6-m/nofp\libc_nano.a(libc_a-errno.o)
 .ARM.attributes
                0x00000000       0x2c C:/Program Files (x86)/Arm GNU Toolchain arm-none-eabi/13.3 rel1/bin/../lib/gcc/arm-none-eabi/13.3.1/thumb/v6-m/nofp\libc_nano.a(libc_a-errno.o)
 .text          0x00000000        0x0 C:/Program Files (x86)/Arm GNU Toolchain arm-none-eabi/13.3 rel1/bin/../lib/gcc/arm-none-eabi/13.3.1/thumb/v6-m/nofp\libc_nano.a(libc_a-init.o)
 .data          0x00000000        0x0 C:/Program Files (x86)/Arm GNU Toolchain arm-none-eabi/13.3 rel1/bin/../lib/gcc/arm-none-eabi/13.3.1/thumb/v6-m/nofp\libc_nano.a(libc_a-init.o)
 .bss           0x00000000        0x0 C:/Program Files (x86)/Arm GNU Toolchain arm-none-eabi/13.3 rel1/bin/../lib/gcc/arm-none-eabi/13.3.1/thumb/v6-m/nofp\libc_nano.a(libc_a-init.o)
 .text          0x00000000        0x0 C:/Program Files (x86)/Arm GNU Toolchain arm-none-eabi/13.3 rel1/bin/../lib/gcc/arm-none-eabi/13.3.1/thumb/v6-m/nofp\libc_nano.a(libc_a-impure.o)
 .data          0x00000000        0x0 C:/Program Files (x86)/Arm GNU Toolchain arm-none-eabi/13.3 rel1/bin/../lib/gcc/arm-none-eabi/13.3.1/thumb/v6-m/nofp\libc_nano.a(libc_a-impure.o)
 .bss           0x00000000        0x0 C:/Program Files (x86)/Arm GNU Toolchain arm-none-eabi/13.3 rel1/bin/../lib/gcc/arm-none-eabi/13.3.1/thumb/v6-m/nofp\libc_nano.a(libc_a-impure.o)
 .data._impure_ptr
                0x00000000        0x4 C:/Program Files (x86)/Arm GNU Toolchain arm-none-eabi/13.3 rel1/bin/../lib/gcc/arm-none-eabi/13.3.1/thumb/v6-m/nofp\libc_nano.a(libc_a-impure.o)
 .data._impure_data
                0x00000000       0x4c C:/Program Files (x86)/Arm GNU Toolchain arm-none-eabi/13.3 rel1/bin/../lib/gcc/arm-none-eabi/13.3.1/thumb/v6-m/nofp\libc_nano.a(libc_a-impure.o)
 .ARM.attributes
                0x00000000       0x2c C:/Program Files (x86)/Arm GNU Toolchain arm-none-eabi/13.3 rel1/bin/../lib/gcc/arm-none-eabi/13.3.1/thumb/v6-m/nofp\libc_nano.a(libc_a-impure.o)

Memory Configuration

Name             Origin             Length             Attributes
FLASH            0x00000000         0x00020000         xr
RAM              0x20000000         0x00004000         xrw
*default*        0x00000000         0xffffffff

Linker script and memory map

LOAD ./Application_Source/main.o
LOAD ./Application_Source/user_cfg.o
LOAD ./Device_Drivers/GPIO/gpio.o
LOAD ./Device_Drivers/TIMER/timer.o
LOAD ./Device_Drivers/ADC/ADC.o
LOAD ./Device_Drivers/CLOCK/Sys_Clock.o
LOAD ./Device_Drivers/SYSTICK/systick.o
LOAD ./Device_Drivers/Team1/team1.o
LOAD ./Device_Drivers/Team2/team2.o
LOAD ./Device_Drivers/Team3/team3.o
LOAD ./Libc_Device_Support/malloc_support.o
LOAD ./Libc_Device_Support/printf_support.o
LOAD ./Libc_Device_Support/syscalls.o
LOAD ./Special_Libraries/dsplib.o
LOAD ./Special_Libraries/reset.o
LOAD ./Special_Libraries/cmsis_gcc.o
LOAD ./Startup/startup.o
START GROUP
LOAD C:/Program Files (x86)/Arm GNU Toolchain arm-none-eabi/13.3 rel1/bin/../lib/gcc/arm-none-eabi/13.3.1/thumb/v6-m/nofp\libgcc.a
LOAD C:/Program Files (x86)/Arm GNU Toolchain arm-none-eabi/13.3 rel1/bin/../lib/gcc/arm-none-eabi/13.3.1/thumb/v6-m/nofp\libc_nano.a
END GROUP
START GROUP
LOAD C:/Program Files (x86)/Arm GNU Toolchain arm-none-eabi/13.3 rel1/bin/../lib/gcc/arm-none-eabi/13.3.1/thumb/v6-m/nofp\libgcc.a
LOAD C:/Program Files (x86)/Arm GNU Toolchain arm-none-eabi/13.3 rel1/bin/../lib/gcc/arm-none-eabi/13.3.1/thumb/v6-m/nofp\libc_nano.a
LOAD C:/Program Files (x86)/Arm GNU Toolchain arm-none-eabi/13.3 rel1/bin/../lib/gcc/arm-none-eabi/13.3.1/thumb/v6-m/nofp\libnosys.a
END GROUP
START GROUP
LOAD C:/Program Files (x86)/Arm GNU Toolchain arm-none-eabi/13.3 rel1/bin/../lib/gcc/arm-none-eabi/13.3.1/thumb/v6-m/nofp\libgcc.a
LOAD C:/Program Files (x86)/Arm GNU Toolchain arm-none-eabi/13.3 rel1/bin/../lib/gcc/arm-none-eabi/13.3.1/thumb/v6-m/nofp\libc_nano.a
LOAD C:/Program Files (x86)/Arm GNU Toolchain arm-none-eabi/13.3 rel1/bin/../lib/gcc/arm-none-eabi/13.3.1/thumb/v6-m/nofp\libnosys.a
END GROUP
                0x00000000                        __FLASH_START = 0x0
                0x00020000                        __FLASH_SIZE = 0x20000
                0x20000000                        __RAM_START = 0x20000000
                0x00004000                        __RAM_SIZE = 0x4000
                0x00001000                        __STACK_SIZE = 0x1000
                0x00000200                        __HEAP_SIZE = 0x200
                0x20004000                        __STACK_START = (__RAM_START + __RAM_SIZE)
                0x20003000                        __STACK_END = (__STACK_START - __STACK_SIZE)
                0x20002e00                        __HEAP_START = (__STACK_END - __HEAP_SIZE)
                0x20003000                        __HEAP_END = __STACK_END

.text           0x00000000     0x1ad0
 *(.isr_vector)
 .isr_vector    0x00000000       0xc0 ./Startup/startup.o
                0x00000000                vector
 *(.user_irq_hdlr)
 *(.text*)
 .text          0x000000c0      0x11c ./Application_Source/main.o
                0x000000c0                main
                0x00000140                ioss_interrupts_gpio_3_IRQHandler
                0x000001a0                Delay
 .text          0x000001dc      0x2f8 ./Device_Drivers/GPIO/gpio.o
                0x000001dc                GPIO_write
                0x0000020c                GPIO_Read
                0x0000022c                GPIO_Set
                0x00000248                GPIO_Clr
                0x00000264                GPIO_Inv
                0x00000280                gpio_init
                0x000002d4                GPIO_Pin_Init
                0x00000342                GPIO_SetHSIOM
                0x000003a4                GPIO_SetDrivemode
                0x0000040c                GPIO_SetInterruptEdge
                0x0000044a                GPIO_SetVtrip
                0x0000047c                GPIO_SetSlewRate
                0x000004b0                GPIO_ClearInterrupt
 .text          0x000004d4      0x54a ./Device_Drivers/TIMER/timer.o
                0x000004d4                TCPWM_Counter_Init
                0x00000672                TCPWM_PWM_Init
                0x00000896                TCPWM_Counter_Enable
                0x000008ba                TCPWM_SetInterrupt
                0x000008e0                TCPWM_Counter_SetPeriod
                0x00000906                TCPWM_TriggerStart
                0x00000920                TCPWM_TriggerReloadOrIndex
                0x0000093a                TCPWM_ClearInterrupt
                0x00000970                TCPWM_PWM_SetCompare0
                0x00000996                TCPWM_PWM_SetCompare1
                0x000009bc                TCPWM_Counter_SetCounter
                0x000009e2                TCPWM_TriggerStopOrKill
                0x000009fc                TCPWM_Counter_GetCounter
 *fill*         0x00000a1e        0x2 
 .text          0x00000a20      0x288 ./Device_Drivers/CLOCK/Sys_Clock.o
                0x00000a20                SysClk_PeriphDisableDivider
                0x00000a58                SysClk_PeriphSetDivider
                0x00000aa8                SysClk_PeriphEnableDivider
                0x00000ae4                SysClk_PeriphAssignDivider
                0x00000b24                Cy_SysClk_ClkHfSetDivider
                0x00000b58                Cy_SysClk_ImoEnable
                0x00000b70                Cy_SysClk_ImoGetFrequency
                0x00000bac                Cy_SysClk_ImoSetFrequency
 .text          0x00000ca8       0xd0 ./Device_Drivers/Team1/team1.o
                0x00000ca8                init_timer_Clock_Config
                0x00000cd6                InitTimer0
                0x00000d20                tcpwm_interrupts_0_IRQHandler
                0x00000d54                StartTimer0
 .text          0x00000d78      0x66c ./Device_Drivers/Team2/team2.o
                0x00000d78                ConfigADC
                0x00001144                Cy_SAR_ClearSatInterrupt
                0x00001166                StartADC
                0x000011ac                init_cycfg_peripherals
                0x00001200                Cy_SAR_StartConvert
                0x0000123c                Cy_SAR_GetResult16
                0x000012a4                GetADCResult
                0x000012d0                Cy_SAR_SetSatInterruptMask
                0x000012f2                Cy_SAR_SetRangeInterruptMask
                0x00001314                Cy_SAR_ClearRangeInterrupt
                0x00001336                Cy_SAR_SetInterruptMask
                0x00001358                Cy_SAR_ClearInterrupt
                0x0000137a                Cy_SAR_CountsTo_mVolts
                0x000013b4                init_ADC_Clock_Config
 .text          0x000013e4      0x17c ./Device_Drivers/Team3/team3.o
                0x000013e4                init_timer1_Clock_Config
                0x00001412                InitTimer1
                0x00001498                StartTimer1
                0x000014b0                tcpwm_interrupts_1_IRQHandler
                0x0000152c                AcceptADCResult
 .text          0x00001560      0x100 ./Special_Libraries/cmsis_gcc.o
                0x00001560                enable_irq
                0x0000156c                disable_irq
                0x00001578                NVIC_SetPriority
                0x000015d4                NVIC_ClearPendingIRQ
                0x00001600                NVIC_EnableIRQ
                0x0000162c                NVIC_DisableIRQ
 .text          0x00001660       0xb0 ./Startup/startup.o
                0x00001660                _init
                0x0000166a                Reset_handler
                0x00001700                tcpwm_interrupts_7_IRQHandler
                0x00001700                pass_0_interrupt_sar_IRQHandler
                0x00001700                SysTick_Handler
                0x00001700                PendSV_Handler
                0x00001700                NMI_Handler
                0x00001700                ioss_interrupts_gpio_1_IRQHandler
                0x00001700                cpuss_interrupt_dma_IRQHandler
                0x00001700                scb_4_interrupt_IRQHandler
                0x00001700                ioss_interrupts_gpio_2_IRQHandler
                0x00001700                can_interrupt_can_IRQHandler
                0x00001700                tcpwm_interrupts_4_IRQHandler
                0x00001700                cpuss_interrupt_spcif_IRQHandler
                0x00001700                scb_0_interrupt_IRQHandler
                0x00001700                tcpwm_interrupts_3_IRQHandler
                0x00001700                csd_interrupt_IRQHandler
                0x00001700                lpcomp_interrupt_IRQHandler
                0x00001700                crypto_interrupt_IRQHandler
                0x00001700                tcpwm_interrupts_6_IRQHandler
                0x00001700                ioss_interrupt_gpio_IRQHandler
                0x00001700                scb_2_interrupt_IRQHandler
                0x00001700                scb_1_interrupt_IRQHandler
                0x00001700                Default_Handler
                0x00001700                scb_3_interrupt_IRQHandler
                0x00001700                ioss_interrupts_gpio_0_IRQHandler
                0x00001700                SVC_Handler
                0x00001700                tcpwm_interrupts_2_IRQHandler
                0x00001700                tcpwm_interrupts_5_IRQHandler
                0x00001700                srss_interrupt_wdt_IRQHandler
                0x00001700                pass_0_interrupt_ctbs_IRQHandler
                0x00001700                wco_interrupt_IRQHandler
                0x00001708                HRDFLT_Handler
                0x00001708                HardFault_Handler
 .text          0x00001710      0x114 C:/Program Files (x86)/Arm GNU Toolchain arm-none-eabi/13.3 rel1/bin/../lib/gcc/arm-none-eabi/13.3.1/thumb/v6-m/nofp\libgcc.a(_udivsi3.o)
                0x00001710                __aeabi_uidiv
                0x00001710                __udivsi3
                0x0000181c                __aeabi_uidivmod
 .text          0x00001824        0x4 C:/Program Files (x86)/Arm GNU Toolchain arm-none-eabi/13.3 rel1/bin/../lib/gcc/arm-none-eabi/13.3.1/thumb/v6-m/nofp\libgcc.a(_dvmd_tls.o)
                0x00001824                __aeabi_idiv0
                0x00001824                __aeabi_ldiv0
 .text.__libc_init_array
                0x00001828       0x48 C:/Program Files (x86)/Arm GNU Toolchain arm-none-eabi/13.3 rel1/bin/../lib/gcc/arm-none-eabi/13.3.1/thumb/v6-m/nofp\libc_nano.a(libc_a-init.o)
                0x00001828                __libc_init_array
 *(.init*)
 *(.fini*)
                0x00001870                        . = ALIGN (0x4)
 *(.rodata .rodata.*)
 .rodata        0x00001870      0x1b0 ./Application_Source/user_cfg.o
                0x00001870                MT1_P2_1_config
                0x00001884                MT2_P1_5_config
                0x00001898                MT1_P2_5_config
                0x000018ac                LED8_P1_6_config
                0x000018c0                LED7_P1_4_config
                0x000018d4                SW2_P3_7_config
                0x000018e8                USERLED_P3_4_config
                0x000018fc                PWM_P1_2_config
                0x00001910                PWM_P2_6_config
                0x00001924                LED13_P5_7_config
                0x00001938                ADC_P2_1_config
                0x0000194c                TIMER2_config
                0x00001998                pass_0_sar_0_channel_0_config
                0x000019a4                pass_0_sar_0_config
 .rodata        0x00001a20       0x4c ./Device_Drivers/Team1/team1.o
                0x00001a20                TIMER0_config
 .rodata        0x00001a6c       0x64 ./Device_Drivers/Team3/team3.o
                0x00001a6c                USER_PWM_config
                0x00001ad0                        . = ALIGN (0x4)
                0x00001ad0                        __etext = .
                0x00001ad0                        _la_data = LOADADDR (.data)

.glue_7         0x00001ad0        0x0
 .glue_7        0x00001ad0        0x0 linker stubs

.glue_7t        0x00001ad0        0x0
 .glue_7t       0x00001ad0        0x0 linker stubs

.vfp11_veneer   0x00001ad0        0x0
 .vfp11_veneer  0x00001ad0        0x0 linker stubs

.v4_bx          0x00001ad0        0x0
 .v4_bx         0x00001ad0        0x0 linker stubs

.iplt           0x00001ad0        0x0
 .iplt          0x00001ad0        0x0 ./Application_Source/main.o

.rel.dyn        0x00001ad0        0x0
 .rel.iplt      0x00001ad0        0x0 ./Application_Source/main.o

.data           0x20000000        0x0 load address 0x00001ad0
                0x20000000                        __data_start = .
 *(.data*)
                0x20000000                        . = ALIGN (0x4)
                0x20000000                        __data_end = .

.igot.plt       0x20000000        0x0 load address 0x00001ad0
 .igot.plt      0x20000000        0x0 ./Application_Source/main.o

.bss            0x20000000       0x28 load address 0x00001ad0
                0x20000000                        __bss_start__ = .
 *(.bss)
 .bss           0x20000000        0x2 ./Device_Drivers/Team1/team1.o
                0x20000000                ADC_result
 *fill*         0x20000002        0x2 
 .bss           0x20000004       0x22 ./Device_Drivers/Team2/team2.o
 .bss           0x20000026        0x2 ./Device_Drivers/Team3/team3.o
                0x20000026                g_sw_flag
                0x20000027                invertFLAG
 *(.bss.*)
 *(COMMON)
                0x20000028                        . = ALIGN (0x4)
                0x20000028                        __bss_end__ = .
                0x20000028                        . = ALIGN (0x4)
                0x20000028                        end = .
                0x20000028                        __end__ = .

Heap            0x20000028     0x2dd8 load address 0x00001ad0
                0x20002e00                        . = ABSOLUTE (__HEAP_START)
 *fill*         0x20000028     0x2dd8 
 *(.heap)
                0x20002e00                        . = ALIGN (0x4)

Stack           0x20002e00      0x200 load address 0x00001ad0
                0x20003000                        . = ABSOLUTE (__STACK_END)
 *fill*         0x20002e00      0x200 
 *(.stack)
OUTPUT(bin/BareMetal_Hackathon.elf elf32-littlearm)
LOAD linker stubs

.debug_info     0x00000000     0x3ce4
 .debug_info    0x00000000      0x45d ./Application_Source/main.o
 .debug_info    0x0000045d      0x643 ./Application_Source/user_cfg.o
 .debug_info    0x00000aa0      0x670 ./Device_Drivers/GPIO/gpio.o
 .debug_info    0x00001110      0x74b ./Device_Drivers/TIMER/timer.o
 .debug_info    0x0000185b      0x7e3 ./Device_Drivers/CLOCK/Sys_Clock.o
 .debug_info    0x0000203e      0x5b3 ./Device_Drivers/Team1/team1.o
 .debug_info    0x000025f1      0xafb ./Device_Drivers/Team2/team2.o
 .debug_info    0x000030ec      0x833 ./Device_Drivers/Team3/team3.o
 .debug_info    0x0000391f      0x226 ./Special_Libraries/cmsis_gcc.o
 .debug_info    0x00003b45      0x19f ./Startup/startup.o

.debug_abbrev   0x00000000      0xe0d
 .debug_abbrev  0x00000000      0x1bf ./Application_Source/main.o
 .debug_abbrev  0x000001bf      0x100 ./Application_Source/user_cfg.o
 .debug_abbrev  0x000002bf      0x13e ./Device_Drivers/GPIO/gpio.o
 .debug_abbrev  0x000003fd      0x138 ./Device_Drivers/TIMER/timer.o
 .debug_abbrev  0x00000535      0x18e ./Device_Drivers/CLOCK/Sys_Clock.o
 .debug_abbrev  0x000006c3      0x196 ./Device_Drivers/Team1/team1.o
 .debug_abbrev  0x00000859      0x1e8 ./Device_Drivers/Team2/team2.o
 .debug_abbrev  0x00000a41      0x1d3 ./Device_Drivers/Team3/team3.o
 .debug_abbrev  0x00000c14       0xe0 ./Special_Libraries/cmsis_gcc.o
 .debug_abbrev  0x00000cf4      0x119 ./Startup/startup.o

.debug_aranges  0x00000000      0x138
 .debug_aranges
                0x00000000       0x20 ./Application_Source/main.o
 .debug_aranges
                0x00000020       0x18 ./Application_Source/user_cfg.o
 .debug_aranges
                0x00000038       0x20 ./Device_Drivers/GPIO/gpio.o
 .debug_aranges
                0x00000058       0x20 ./Device_Drivers/TIMER/timer.o
 .debug_aranges
                0x00000078       0x20 ./Device_Drivers/CLOCK/Sys_Clock.o
 .debug_aranges
                0x00000098       0x20 ./Device_Drivers/Team1/team1.o
 .debug_aranges
                0x000000b8       0x20 ./Device_Drivers/Team2/team2.o
 .debug_aranges
                0x000000d8       0x20 ./Device_Drivers/Team3/team3.o
 .debug_aranges
                0x000000f8       0x20 ./Special_Libraries/cmsis_gcc.o
 .debug_aranges
                0x00000118       0x20 ./Startup/startup.o

.debug_line     0x00000000     0x1bd0
 .debug_line    0x00000000      0x2f6 ./Application_Source/main.o
 .debug_line    0x000002f6      0x1d5 ./Application_Source/user_cfg.o
 .debug_line    0x000004cb      0x27d ./Device_Drivers/GPIO/gpio.o
 .debug_line    0x00000748      0x3f7 ./Device_Drivers/TIMER/timer.o
 .debug_line    0x00000b3f      0x243 ./Device_Drivers/CLOCK/Sys_Clock.o
 .debug_line    0x00000d82      0x302 ./Device_Drivers/Team1/team1.o
 .debug_line    0x00001084      0x4d4 ./Device_Drivers/Team2/team2.o
 .debug_line    0x00001558      0x31e ./Device_Drivers/Team3/team3.o
 .debug_line    0x00001876      0x1ca ./Special_Libraries/cmsis_gcc.o
 .debug_line    0x00001a40      0x190 ./Startup/startup.o

.debug_str      0x00000000     0x190d
 .debug_str     0x00000000     0x190d ./Application_Source/main.o
                                0x3cb (size before relaxing)
 .debug_str     0x0000190d      0x7ce ./Application_Source/user_cfg.o
 .debug_str     0x0000190d      0x379 ./Device_Drivers/GPIO/gpio.o
 .debug_str     0x0000190d      0x560 ./Device_Drivers/TIMER/timer.o
 .debug_str     0x0000190d      0x811 ./Device_Drivers/CLOCK/Sys_Clock.o
 .debug_str     0x0000190d      0x70d ./Device_Drivers/Team1/team1.o
 .debug_str     0x0000190d      0xa3b ./Device_Drivers/Team2/team2.o
 .debug_str     0x0000190d      0x824 ./Device_Drivers/Team3/team3.o
 .debug_str     0x0000190d      0x23f ./Special_Libraries/cmsis_gcc.o
 .debug_str     0x0000190d      0x202 ./Startup/startup.o

.comment        0x00000000       0x45
 .comment       0x00000000       0x45 ./Application_Source/main.o
                                 0x46 (size before relaxing)
 .comment       0x00000045       0x46 ./Application_Source/user_cfg.o
 .comment       0x00000045       0x46 ./Device_Drivers/GPIO/gpio.o
 .comment       0x00000045       0x46 ./Device_Drivers/TIMER/timer.o
 .comment       0x00000045       0x46 ./Device_Drivers/CLOCK/Sys_Clock.o
 .comment       0x00000045       0x46 ./Device_Drivers/Team1/team1.o
 .comment       0x00000045       0x46 ./Device_Drivers/Team2/team2.o
 .comment       0x00000045       0x46 ./Device_Drivers/Team3/team3.o
 .comment       0x00000045       0x46 ./Special_Libraries/cmsis_gcc.o
 .comment       0x00000045       0x46 ./Startup/startup.o

.ARM.attributes
                0x00000000       0x2c
 .ARM.attributes
                0x00000000       0x2c ./Application_Source/main.o
 .ARM.attributes
                0x0000002c       0x2c ./Application_Source/user_cfg.o
 .ARM.attributes
                0x00000058       0x2c ./Device_Drivers/GPIO/gpio.o
 .ARM.attributes
                0x00000084       0x2c ./Device_Drivers/TIMER/timer.o
 .ARM.attributes
                0x000000b0       0x2c ./Device_Drivers/CLOCK/Sys_Clock.o
 .ARM.attributes
                0x000000dc       0x2c ./Device_Drivers/Team1/team1.o
 .ARM.attributes
                0x00000108       0x2c ./Device_Drivers/Team2/team2.o
 .ARM.attributes
                0x00000134       0x2c ./Device_Drivers/Team3/team3.o
 .ARM.attributes
                0x00000160       0x2c ./Special_Libraries/cmsis_gcc.o
 .ARM.attributes
                0x0000018c       0x2c ./Startup/startup.o
 .ARM.attributes
                0x000001b8       0x1e C:/Program Files (x86)/Arm GNU Toolchain arm-none-eabi/13.3 rel1/bin/../lib/gcc/arm-none-eabi/13.3.1/thumb/v6-m/nofp\libgcc.a(_udivsi3.o)
 .ARM.attributes
                0x000001d6       0x1e C:/Program Files (x86)/Arm GNU Toolchain arm-none-eabi/13.3 rel1/bin/../lib/gcc/arm-none-eabi/13.3.1/thumb/v6-m/nofp\libgcc.a(_dvmd_tls.o)
 .ARM.attributes
                0x000001f4       0x2c C:/Program Files (x86)/Arm GNU Toolchain arm-none-eabi/13.3 rel1/bin/../lib/gcc/arm-none-eabi/13.3.1/thumb/v6-m/nofp\libc_nano.a(libc_a-init.o)

.debug_frame    0x00000000      0x950
 .debug_frame   0x00000000       0x68 ./Application_Source/main.o
 .debug_frame   0x00000068      0x1b0 ./Device_Drivers/GPIO/gpio.o
 .debug_frame   0x00000218      0x1b0 ./Device_Drivers/TIMER/timer.o
 .debug_frame   0x000003c8      0x108 ./Device_Drivers/CLOCK/Sys_Clock.o
 .debug_frame   0x000004d0       0x80 ./Device_Drivers/Team1/team1.o
 .debug_frame   0x00000550      0x1c8 ./Device_Drivers/Team2/team2.o
 .debug_frame   0x00000718       0xa0 ./Device_Drivers/Team3/team3.o
 .debug_frame   0x000007b8       0xc8 ./Special_Libraries/cmsis_gcc.o
 .debug_frame   0x00000880       0x84 ./Startup/startup.o
 .debug_frame   0x00000904       0x20 C:/Program Files (x86)/Arm GNU Toolchain arm-none-eabi/13.3 rel1/bin/../lib/gcc/arm-none-eabi/13.3.1/thumb/v6-m/nofp\libgcc.a(_udivsi3.o)
 .debug_frame   0x00000924       0x2c C:/Program Files (x86)/Arm GNU Toolchain arm-none-eabi/13.3 rel1/bin/../lib/gcc/arm-none-eabi/13.3.1/thumb/v6-m/nofp\libc_nano.a(libc_a-init.o)

.debug_line_str
                0x00000000       0xc9
 .debug_line_str
                0x00000000       0xc9 C:/Program Files (x86)/Arm GNU Toolchain arm-none-eabi/13.3 rel1/bin/../lib/gcc/arm-none-eabi/13.3.1/thumb/v6-m/nofp\libgcc.a(_udivsi3.o)
 .debug_line_str
                0x000000c9       0xc9 C:/Program Files (x86)/Arm GNU Toolchain arm-none-eabi/13.3 rel1/bin/../lib/gcc/arm-none-eabi/13.3.1/thumb/v6-m/nofp\libgcc.a(_dvmd_tls.o)
